Starting the development server...

Compiled successfully!

You can now view ai-tutor-frontend in the browser.

  Local:            http://localhost:3001
  On Your Network:  http://192.168.29.205:3001

Note that the development build is not optimized.
To create a production build, use npm run build.

webpack compiled successfully
Compiled successfully!
webpack compiled successfully
Compiled successfully!
webpack compiled successfully
Compiling...
Compiled successfully!
webpack compiled successfully
Compiling...
Compiled successfully!
webpack compiled successfully
Compiling...
Compiled successfully!
webpack compiled successfully
Compiling...
Compiled successfully!
webpack compiled successfully
